<?xml version="1.0"?>
<link_info>
   <banner>TI ARM Linker PC v16.9.4.LTS</banner>
   <copyright>Copyright (c) 1996-2017 Texas Instruments Incorporated</copyright>
   <link_time>0x5a78c559</link_time>
   <link_errors>0x0</link_errors>
   <output_file>eec195_lab4.out</output_file>
   <entry_point>
      <name>_c_int00</name>
      <address>0x44b1</address>
   </entry_point>
   <input_file_list>
      <input_file id="fl-2">
         <path>.\</path>
         <kind>object</kind>
         <file>main.obj</file>
         <name>main.obj</name>
      </input_file>
      <input_file id="fl-3">
         <path>.\</path>
         <kind>object</kind>
         <file>tm4c123ge6pm_startup_ccs.obj</file>
         <name>tm4c123ge6pm_startup_ccs.obj</name>
      </input_file>
      <input_file id="fl-4">
         <path>.\driverlib\</path>
         <kind>object</kind>
         <file>adc.obj</file>
         <name>adc.obj</name>
      </input_file>
      <input_file id="fl-5">
         <path>.\driverlib\</path>
         <kind>object</kind>
         <file>aes.obj</file>
         <name>aes.obj</name>
      </input_file>
      <input_file id="fl-6">
         <path>.\driverlib\</path>
         <kind>object</kind>
         <file>can.obj</file>
         <name>can.obj</name>
      </input_file>
      <input_file id="fl-7">
         <path>.\driverlib\</path>
         <kind>object</kind>
         <file>comp.obj</file>
         <name>comp.obj</name>
      </input_file>
      <input_file id="fl-8">
         <path>.\driverlib\</path>
         <kind>object</kind>
         <file>cpu.obj</file>
         <name>cpu.obj</name>
      </input_file>
      <input_file id="fl-9">
         <path>.\driverlib\</path>
         <kind>object</kind>
         <file>crc.obj</file>
         <name>crc.obj</name>
      </input_file>
      <input_file id="fl-a">
         <path>.\driverlib\</path>
         <kind>object</kind>
         <file>des.obj</file>
         <name>des.obj</name>
      </input_file>
      <input_file id="fl-b">
         <path>.\driverlib\</path>
         <kind>object</kind>
         <file>eeprom.obj</file>
         <name>eeprom.obj</name>
      </input_file>
      <input_file id="fl-c">
         <path>.\driverlib\</path>
         <kind>object</kind>
         <file>emac.obj</file>
         <name>emac.obj</name>
      </input_file>
      <input_file id="fl-d">
         <path>.\driverlib\</path>
         <kind>object</kind>
         <file>epi.obj</file>
         <name>epi.obj</name>
      </input_file>
      <input_file id="fl-e">
         <path>.\driverlib\</path>
         <kind>object</kind>
         <file>epi_workaround_ccs.obj</file>
         <name>epi_workaround_ccs.obj</name>
      </input_file>
      <input_file id="fl-f">
         <path>.\driverlib\</path>
         <kind>object</kind>
         <file>flash.obj</file>
         <name>flash.obj</name>
      </input_file>
      <input_file id="fl-10">
         <path>.\driverlib\</path>
         <kind>object</kind>
         <file>fpu.obj</file>
         <name>fpu.obj</name>
      </input_file>
      <input_file id="fl-11">
         <path>.\driverlib\</path>
         <kind>object</kind>
         <file>gpio.obj</file>
         <name>gpio.obj</name>
      </input_file>
      <input_file id="fl-12">
         <path>.\driverlib\</path>
         <kind>object</kind>
         <file>hibernate.obj</file>
         <name>hibernate.obj</name>
      </input_file>
      <input_file id="fl-13">
         <path>.\driverlib\</path>
         <kind>object</kind>
         <file>i2c.obj</file>
         <name>i2c.obj</name>
      </input_file>
      <input_file id="fl-14">
         <path>.\driverlib\</path>
         <kind>object</kind>
         <file>interrupt.obj</file>
         <name>interrupt.obj</name>
      </input_file>
      <input_file id="fl-15">
         <path>.\driverlib\</path>
         <kind>object</kind>
         <file>lcd.obj</file>
         <name>lcd.obj</name>
      </input_file>
      <input_file id="fl-16">
         <path>.\driverlib\</path>
         <kind>object</kind>
         <file>mpu.obj</file>
         <name>mpu.obj</name>
      </input_file>
      <input_file id="fl-17">
         <path>.\driverlib\</path>
         <kind>object</kind>
         <file>onewire.obj</file>
         <name>onewire.obj</name>
      </input_file>
      <input_file id="fl-18">
         <path>.\driverlib\</path>
         <kind>object</kind>
         <file>pwm.obj</file>
         <name>pwm.obj</name>
      </input_file>
      <input_file id="fl-19">
         <path>.\driverlib\</path>
         <kind>object</kind>
         <file>qei.obj</file>
         <name>qei.obj</name>
      </input_file>
      <input_file id="fl-1a">
         <path>.\driverlib\</path>
         <kind>object</kind>
         <file>shamd5.obj</file>
         <name>shamd5.obj</name>
      </input_file>
      <input_file id="fl-1b">
         <path>.\driverlib\</path>
         <kind>object</kind>
         <file>ssi.obj</file>
         <name>ssi.obj</name>
      </input_file>
      <input_file id="fl-1c">
         <path>.\driverlib\</path>
         <kind>object</kind>
         <file>sw_crc.obj</file>
         <name>sw_crc.obj</name>
      </input_file>
      <input_file id="fl-1d">
         <path>.\driverlib\</path>
         <kind>object</kind>
         <file>sysctl.obj</file>
         <name>sysctl.obj</name>
      </input_file>
      <input_file id="fl-1e">
         <path>.\driverlib\</path>
         <kind>object</kind>
         <file>sysexc.obj</file>
         <name>sysexc.obj</name>
      </input_file>
      <input_file id="fl-1f">
         <path>.\driverlib\</path>
         <kind>object</kind>
         <file>systick.obj</file>
         <name>systick.obj</name>
      </input_file>
      <input_file id="fl-20">
         <path>.\driverlib\</path>
         <kind>object</kind>
         <file>timer.obj</file>
         <name>timer.obj</name>
      </input_file>
      <input_file id="fl-21">
         <path>.\driverlib\</path>
         <kind>object</kind>
         <file>uart.obj</file>
         <name>uart.obj</name>
      </input_file>
      <input_file id="fl-22">
         <path>.\driverlib\</path>
         <kind>object</kind>
         <file>udma.obj</file>
         <name>udma.obj</name>
      </input_file>
      <input_file id="fl-23">
         <path>.\driverlib\</path>
         <kind>object</kind>
         <file>usb.obj</file>
         <name>usb.obj</name>
      </input_file>
      <input_file id="fl-24">
         <path>.\driverlib\</path>
         <kind>object</kind>
         <file>watchdog.obj</file>
         <name>watchdog.obj</name>
      </input_file>
      <input_file id="fl-25">
         <path>.\utils\</path>
         <kind>object</kind>
         <file>cmdline.obj</file>
         <name>cmdline.obj</name>
      </input_file>
      <input_file id="fl-26">
         <path>.\utils\</path>
         <kind>object</kind>
         <file>cpu_usage.obj</file>
         <name>cpu_usage.obj</name>
      </input_file>
      <input_file id="fl-27">
         <path>.\utils\</path>
         <kind>object</kind>
         <file>eeprom_pb.obj</file>
         <name>eeprom_pb.obj</name>
      </input_file>
      <input_file id="fl-28">
         <path>.\utils\</path>
         <kind>object</kind>
         <file>flash_pb.obj</file>
         <name>flash_pb.obj</name>
      </input_file>
      <input_file id="fl-29">
         <path>.\utils\</path>
         <kind>object</kind>
         <file>isqrt.obj</file>
         <name>isqrt.obj</name>
      </input_file>
      <input_file id="fl-2a">
         <path>.\utils\</path>
         <kind>object</kind>
         <file>random.obj</file>
         <name>random.obj</name>
      </input_file>
      <input_file id="fl-2b">
         <path>.\utils\</path>
         <kind>object</kind>
         <file>ringbuf.obj</file>
         <name>ringbuf.obj</name>
      </input_file>
      <input_file id="fl-2c">
         <path>.\utils\</path>
         <kind>object</kind>
         <file>scheduler.obj</file>
         <name>scheduler.obj</name>
      </input_file>
      <input_file id="fl-2d">
         <path>.\utils\</path>
         <kind>object</kind>
         <file>sine.obj</file>
         <name>sine.obj</name>
      </input_file>
      <input_file id="fl-2e">
         <path>.\utils\</path>
         <kind>object</kind>
         <file>smbus.obj</file>
         <name>smbus.obj</name>
      </input_file>
      <input_file id="fl-2f">
         <path>.\utils\</path>
         <kind>object</kind>
         <file>softi2c.obj</file>
         <name>softi2c.obj</name>
      </input_file>
      <input_file id="fl-30">
         <path>.\utils\</path>
         <kind>object</kind>
         <file>softssi.obj</file>
         <name>softssi.obj</name>
      </input_file>
      <input_file id="fl-31">
         <path>.\utils\</path>
         <kind>object</kind>
         <file>softuart.obj</file>
         <name>softuart.obj</name>
      </input_file>
      <input_file id="fl-32">
         <path>.\utils\</path>
         <kind>object</kind>
         <file>spi_flash.obj</file>
         <name>spi_flash.obj</name>
      </input_file>
      <input_file id="fl-33">
         <path>.\utils\</path>
         <kind>object</kind>
         <file>uartstdio.obj</file>
         <name>uartstdio.obj</name>
      </input_file>
      <input_file id="fl-34">
         <path>.\utils\</path>
         <kind>object</kind>
         <file>ustdlib.obj</file>
         <name>ustdlib.obj</name>
      </input_file>
      <input_file id="fl-3c">
         <kind>object</kind>
         <file>&lt;internal&gt;</file>
         <name>&lt;internal&gt;</name>
      </input_file>
      <input_file id="fl-f2">
         <path>C:\ti\ccsv7\tools\compiler\ti-cgt-arm_16.9.4.LTS\lib\</path>
         <kind>archive</kind>
         <file>rtsv7M4_T_le_v4SPD16_eabi.lib</file>
         <name>boot.obj</name>
      </input_file>
      <input_file id="fl-f3">
         <path>C:\ti\ccsv7\tools\compiler\ti-cgt-arm_16.9.4.LTS\lib\</path>
         <kind>archive</kind>
         <file>rtsv7M4_T_le_v4SPD16_eabi.lib</file>
         <name>copy_decompress_lzss.obj</name>
      </input_file>
      <input_file id="fl-f4">
         <path>C:\ti\ccsv7\tools\compiler\ti-cgt-arm_16.9.4.LTS\lib\</path>
         <kind>archive</kind>
         <file>rtsv7M4_T_le_v4SPD16_eabi.lib</file>
         <name>copy_decompress_none.obj</name>
      </input_file>
      <input_file id="fl-f5">
         <path>C:\ti\ccsv7\tools\compiler\ti-cgt-arm_16.9.4.LTS\lib\</path>
         <kind>archive</kind>
         <file>rtsv7M4_T_le_v4SPD16_eabi.lib</file>
         <name>copy_zero_init.obj</name>
      </input_file>
      <input_file id="fl-f6">
         <path>C:\ti\ccsv7\tools\compiler\ti-cgt-arm_16.9.4.LTS\lib\</path>
         <kind>archive</kind>
         <file>rtsv7M4_T_le_v4SPD16_eabi.lib</file>
         <name>exit.obj</name>
      </input_file>
      <input_file id="fl-f7">
         <path>C:\ti\ccsv7\tools\compiler\ti-cgt-arm_16.9.4.LTS\lib\</path>
         <kind>archive</kind>
         <file>rtsv7M4_T_le_v4SPD16_eabi.lib</file>
         <name>memcpy_t2.obj</name>
      </input_file>
      <input_file id="fl-f8">
         <path>C:\ti\ccsv7\tools\compiler\ti-cgt-arm_16.9.4.LTS\lib\</path>
         <kind>archive</kind>
         <file>rtsv7M4_T_le_v4SPD16_eabi.lib</file>
         <name>memset_t2.obj</name>
      </input_file>
      <input_file id="fl-f9">
         <path>C:\ti\ccsv7\tools\compiler\ti-cgt-arm_16.9.4.LTS\lib\</path>
         <kind>archive</kind>
         <file>rtsv7M4_T_le_v4SPD16_eabi.lib</file>
         <name>mpu_init.obj</name>
      </input_file>
      <input_file id="fl-fa">
         <path>C:\ti\ccsv7\tools\compiler\ti-cgt-arm_16.9.4.LTS\lib\</path>
         <kind>archive</kind>
         <file>rtsv7M4_T_le_v4SPD16_eabi.lib</file>
         <name>pre_init.obj</name>
      </input_file>
      <input_file id="fl-fb">
         <path>C:\ti\ccsv7\tools\compiler\ti-cgt-arm_16.9.4.LTS\lib\</path>
         <kind>archive</kind>
         <file>rtsv7M4_T_le_v4SPD16_eabi.lib</file>
         <name>stkdepth_vars.obj</name>
      </input_file>
      <input_file id="fl-fc">
         <path>C:\ti\ccsv7\tools\compiler\ti-cgt-arm_16.9.4.LTS\lib\</path>
         <kind>archive</kind>
         <file>rtsv7M4_T_le_v4SPD16_eabi.lib</file>
         <name>strcmp.obj</name>
      </input_file>
      <input_file id="fl-fd">
         <path>C:\ti\ccsv7\tools\compiler\ti-cgt-arm_16.9.4.LTS\lib\</path>
         <kind>archive</kind>
         <file>rtsv7M4_T_le_v4SPD16_eabi.lib</file>
         <name>u_divt2.obj</name>
      </input_file>
      <input_file id="fl-fe">
         <path>C:\ti\ccsv7\tools\compiler\ti-cgt-arm_16.9.4.LTS\lib\</path>
         <kind>archive</kind>
         <file>rtsv7M4_T_le_v4SPD16_eabi.lib</file>
         <name>_lock.obj</name>
      </input_file>
      <input_file id="fl-ff">
         <path>C:\ti\ccsv7\tools\compiler\ti-cgt-arm_16.9.4.LTS\lib\</path>
         <kind>archive</kind>
         <file>rtsv7M4_T_le_v4SPD16_eabi.lib</file>
         <name>args_main.obj</name>
      </input_file>
      <input_file id="fl-100">
         <path>C:\ti\ccsv7\tools\compiler\ti-cgt-arm_16.9.4.LTS\lib\</path>
         <kind>archive</kind>
         <file>rtsv7M4_T_le_v4SPD16_eabi.lib</file>
         <name>autoinit.obj</name>
      </input_file>
      <input_file id="fl-101">
         <path>C:\ti\ccsv7\tools\compiler\ti-cgt-arm_16.9.4.LTS\lib\</path>
         <kind>archive</kind>
         <file>rtsv7M4_T_le_v4SPD16_eabi.lib</file>
         <name>cpy_tbl.obj</name>
      </input_file>
      <input_file id="fl-102">
         <path>C:\ti\ccsv7\tools\compiler\ti-cgt-arm_16.9.4.LTS\lib\</path>
         <kind>archive</kind>
         <file>rtsv7M4_T_le_v4SPD16_eabi.lib</file>
         <name>i_div0.obj</name>
      </input_file>
      <input_file id="fl-103">
         <path>C:\ti\ccsv7\tools\compiler\ti-cgt-arm_16.9.4.LTS\lib\</path>
         <kind>archive</kind>
         <file>rtsv7M4_T_le_v4SPD16_eabi.lib</file>
         <name>startup.obj</name>
      </input_file>
   </input_file_list>
   <object_component_list>
      <object_component id="oc-f">
         <name>.intvecs</name>
         <load_address>0x0</load_address>
         <run_address>0x0</run_address>
         <size>0x26c</size>
         <input_file_ref idref="fl-3"/>
      </object_component>
      <object_component id="oc-80">
         <name>.text</name>
         <load_address>0x26c</load_address>
         <run_address>0x26c</run_address>
         <size>0xf88</size>
         <input_file_ref idref="fl-1d"/>
      </object_component>
      <object_component id="oc-86">
         <name>.text</name>
         <load_address>0x11f4</load_address>
         <run_address>0x11f4</run_address>
         <size>0xba0</size>
         <input_file_ref idref="fl-11"/>
      </object_component>
      <object_component id="oc-92">
         <name>.text</name>
         <load_address>0x1d94</load_address>
         <run_address>0x1d94</run_address>
         <size>0x83c</size>
         <input_file_ref idref="fl-4"/>
      </object_component>
      <object_component id="oc-8c">
         <name>.text</name>
         <load_address>0x25d0</load_address>
         <run_address>0x25d0</run_address>
         <size>0x718</size>
         <input_file_ref idref="fl-18"/>
      </object_component>
      <object_component id="oc-31">
         <name>.text</name>
         <load_address>0x2ce8</load_address>
         <run_address>0x2ce8</run_address>
         <size>0x6bc</size>
         <input_file_ref idref="fl-2"/>
      </object_component>
      <object_component id="oc-9e">
         <name>.text</name>
         <load_address>0x33a4</load_address>
         <run_address>0x33a4</run_address>
         <size>0x638</size>
         <input_file_ref idref="fl-21"/>
      </object_component>
      <object_component id="oc-a4">
         <name>.text</name>
         <load_address>0x39dc</load_address>
         <run_address>0x39dc</run_address>
         <size>0x49c</size>
         <input_file_ref idref="fl-33"/>
      </object_component>
      <object_component id="oc-f6">
         <name>.text</name>
         <load_address>0x3e78</load_address>
         <run_address>0x3e78</run_address>
         <size>0x3c0</size>
         <input_file_ref idref="fl-14"/>
      </object_component>
      <object_component id="oc-45">
         <name>.text</name>
         <load_address>0x4238</load_address>
         <run_address>0x4238</run_address>
         <size>0x9c</size>
         <input_file_ref idref="fl-f7"/>
      </object_component>
      <object_component id="oc-98">
         <name>.text</name>
         <load_address>0x42d4</load_address>
         <run_address>0x42d4</run_address>
         <size>0x88</size>
         <input_file_ref idref="fl-1f"/>
      </object_component>
      <object_component id="oc-51">
         <name>.text</name>
         <load_address>0x435c</load_address>
         <run_address>0x435c</run_address>
         <size>0x7a</size>
         <input_file_ref idref="fl-f8"/>
      </object_component>
      <object_component id="oc-1b8">
         <name>.text</name>
         <load_address>0x43d6</load_address>
         <run_address>0x43d6</run_address>
         <size>0x2</size>
         <input_file_ref idref="fl-102"/>
      </object_component>
      <object_component id="oc-69">
         <name>.text</name>
         <load_address>0x43d8</load_address>
         <run_address>0x43d8</run_address>
         <size>0x70</size>
         <input_file_ref idref="fl-100"/>
      </object_component>
      <object_component id="oc-12">
         <name>.text:decompress:lzss</name>
         <load_address>0x4448</load_address>
         <run_address>0x4448</run_address>
         <size>0x68</size>
         <input_file_ref idref="fl-f3"/>
      </object_component>
      <object_component id="oc-24">
         <name>.text</name>
         <load_address>0x44b0</load_address>
         <run_address>0x44b0</run_address>
         <size>0x54</size>
         <input_file_ref idref="fl-f2"/>
      </object_component>
      <object_component id="oc-75">
         <name>.text</name>
         <load_address>0x4504</load_address>
         <run_address>0x4504</run_address>
         <size>0x54</size>
         <input_file_ref idref="fl-f6"/>
      </object_component>
      <object_component id="oc-d8">
         <name>.text</name>
         <load_address>0x4558</load_address>
         <run_address>0x4558</run_address>
         <size>0x4c</size>
         <input_file_ref idref="fl-101"/>
      </object_component>
      <object_component id="oc-139">
         <name>.text</name>
         <load_address>0x45a4</load_address>
         <run_address>0x45a4</run_address>
         <size>0x40</size>
         <input_file_ref idref="fl-fd"/>
      </object_component>
      <object_component id="oc-fc">
         <name>.text</name>
         <load_address>0x45e4</load_address>
         <run_address>0x45e4</run_address>
         <size>0x3e</size>
         <input_file_ref idref="fl-8"/>
      </object_component>
      <object_component id="oc-5d">
         <name>.text</name>
         <load_address>0x4622</load_address>
         <run_address>0x4622</run_address>
         <size>0x2</size>
         <input_file_ref idref="fl-f9"/>
      </object_component>
      <object_component id="oc-6f">
         <name>.text</name>
         <load_address>0x4624</load_address>
         <run_address>0x4624</run_address>
         <size>0x18</size>
         <input_file_ref idref="fl-ff"/>
      </object_component>
      <object_component id="oc-166">
         <name>.text</name>
         <load_address>0x463c</load_address>
         <run_address>0x463c</run_address>
         <size>0x14</size>
         <input_file_ref idref="fl-fe"/>
      </object_component>
      <object_component id="oc-18">
         <name>.text:decompress:none</name>
         <load_address>0x4650</load_address>
         <run_address>0x4650</run_address>
         <size>0xe</size>
         <input_file_ref idref="fl-f4"/>
      </object_component>
      <object_component id="oc-1e">
         <name>.text:decompress:ZI</name>
         <load_address>0x465e</load_address>
         <run_address>0x465e</run_address>
         <size>0xc</size>
         <input_file_ref idref="fl-f5"/>
      </object_component>
      <object_component id="oc-2b">
         <name>.text</name>
         <load_address>0x466a</load_address>
         <run_address>0x466a</run_address>
         <size>0xc</size>
         <input_file_ref idref="fl-3"/>
      </object_component>
      <object_component id="oc-10b">
         <name>.text:SysCtlDelay</name>
         <load_address>0x4676</load_address>
         <run_address>0x4676</run_address>
         <size>0x6</size>
         <input_file_ref idref="fl-1d"/>
      </object_component>
      <object_component id="oc-63">
         <name>.text</name>
         <load_address>0x467c</load_address>
         <run_address>0x467c</run_address>
         <size>0x4</size>
         <input_file_ref idref="fl-fa"/>
      </object_component>
      <object_component id="oc-de">
         <name>.text</name>
         <load_address>0x4680</load_address>
         <run_address>0x4680</run_address>
         <size>0x2</size>
         <input_file_ref idref="fl-103"/>
      </object_component>
      <object_component id="oc-108">
         <name>.const:g_pppui32XTALtoVCO</name>
         <load_address>0x4684</load_address>
         <run_address>0x4684</run_address>
         <size>0x1b0</size>
         <input_file_ref idref="fl-1d"/>
      </object_component>
      <object_component id="oc-114">
         <name>.const:g_ppui32GPIOIntMapSnowflake</name>
         <load_address>0x4834</load_address>
         <run_address>0x4834</run_address>
         <size>0xd8</size>
         <input_file_ref idref="fl-11"/>
      </object_component>
      <object_component id="oc-10e">
         <name>.const:g_ppui32GPIOIntMapBlizzard</name>
         <load_address>0x490c</load_address>
         <run_address>0x490c</run_address>
         <size>0xc0</size>
         <input_file_ref idref="fl-11"/>
      </object_component>
      <object_component id="oc-17a">
         <name>.const:g_pui32Regs</name>
         <load_address>0x49cc</load_address>
         <run_address>0x49cc</run_address>
         <size>0x9c</size>
         <input_file_ref idref="fl-14"/>
      </object_component>
      <object_component id="oc-117">
         <name>.const:g_pui32GPIOBaseAddrs</name>
         <load_address>0x4a68</load_address>
         <run_address>0x4a68</run_address>
         <size>0x90</size>
         <input_file_ref idref="fl-11"/>
      </object_component>
      <object_component id="oc-102">
         <name>.const:g_pui32Xtals</name>
         <load_address>0x4af8</load_address>
         <run_address>0x4af8</run_address>
         <size>0x6c</size>
         <input_file_ref idref="fl-1d"/>
      </object_component>
      <object_component id="oc-125">
         <name>.const:g_ppui32UARTIntMap</name>
         <load_address>0x4b64</load_address>
         <run_address>0x4b64</run_address>
         <size>0x40</size>
         <input_file_ref idref="fl-21"/>
      </object_component>
      <object_component id="oc-12b">
         <name>.const:g_ppui32UARTIntMapSnowflake</name>
         <load_address>0x4ba4</load_address>
         <run_address>0x4ba4</run_address>
         <size>0x40</size>
         <input_file_ref idref="fl-21"/>
      </object_component>
      <object_component id="oc-f3">
         <name>.const:g_sXTALtoMEMTIM</name>
         <load_address>0x4be4</load_address>
         <run_address>0x4be4</run_address>
         <size>0x30</size>
         <input_file_ref idref="fl-1d"/>
      </object_component>
      <object_component id="oc-177">
         <name>.const:g_pui32Priority</name>
         <load_address>0x4c14</load_address>
         <run_address>0x4c14</run_address>
         <size>0x20</size>
         <input_file_ref idref="fl-14"/>
      </object_component>
      <object_component id="oc-180">
         <name>.const:g_pui32Dii16Regs</name>
         <load_address>0x4c34</load_address>
         <run_address>0x4c34</run_address>
         <size>0x14</size>
         <input_file_ref idref="fl-14"/>
      </object_component>
      <object_component id="oc-17d">
         <name>.const:g_pui32EnRegs</name>
         <load_address>0x4c48</load_address>
         <run_address>0x4c48</run_address>
         <size>0x14</size>
         <input_file_ref idref="fl-14"/>
      </object_component>
      <object_component id="oc-183">
         <name>.const:g_pui32PendRegs</name>
         <load_address>0x4c5c</load_address>
         <run_address>0x4c5c</run_address>
         <size>0x14</size>
         <input_file_ref idref="fl-14"/>
      </object_component>
      <object_component id="oc-186">
         <name>.const:g_pui32UnpendRegs</name>
         <load_address>0x4c70</load_address>
         <run_address>0x4c70</run_address>
         <size>0x14</size>
         <input_file_ref idref="fl-14"/>
      </object_component>
      <object_component id="oc-1bf">
         <name>.const:.string</name>
         <load_address>0x4c84</load_address>
         <run_address>0x4c84</run_address>
         <size>0x12</size>
         <input_file_ref idref="fl-33"/>
      </object_component>
      <object_component id="oc-136">
         <name>.const:g_ui32UARTBase</name>
         <load_address>0x4c98</load_address>
         <run_address>0x4c98</run_address>
         <size>0xc</size>
         <input_file_ref idref="fl-33"/>
      </object_component>
      <object_component id="oc-130">
         <name>.const:g_ui32UARTPeriph</name>
         <load_address>0x4ca4</load_address>
         <run_address>0x4ca4</run_address>
         <size>0xc</size>
         <input_file_ref idref="fl-33"/>
      </object_component>
      <object_component id="oc-105">
         <name>.const:g_pui32VCOFrequencies</name>
         <load_address>0x4cb0</load_address>
         <run_address>0x4cb0</run_address>
         <size>0x8</size>
         <input_file_ref idref="fl-1d"/>
      </object_component>
      <object_component id="oc-111">
         <name>.const</name>
         <load_address>0x4cb8</load_address>
         <run_address>0x4cb8</run_address>
         <size>0x8</size>
         <input_file_ref idref="fl-11"/>
      </object_component>
      <object_component id="oc-128">
         <name>.const</name>
         <load_address>0x4cc0</load_address>
         <run_address>0x4cc0</run_address>
         <size>0x8</size>
         <input_file_ref idref="fl-21"/>
      </object_component>
      <object_component id="oc-13e">
         <name>.const</name>
         <load_address>0x4cc8</load_address>
         <run_address>0x4cc8</run_address>
         <size>0x4</size>
         <input_file_ref idref="fl-33"/>
      </object_component>
      <object_component id="oc-206">
         <name>.cinit..data.load</name>
         <load_address>0x4cd0</load_address>
         <run_address>0x4cd0</run_address>
         <size>0x19</size>
      </object_component>
      <object_component id="oc-203">
         <name>__TI_handler_table</name>
         <load_address>0x4cec</load_address>
         <run_address>0x4cec</run_address>
         <size>0xc</size>
      </object_component>
      <object_component id="oc-207">
         <name>.cinit..bss.load</name>
         <load_address>0x4cf8</load_address>
         <run_address>0x4cf8</run_address>
         <size>0x8</size>
      </object_component>
      <object_component id="oc-205">
         <name>.cinit..vtable.load</name>
         <load_address>0x4d00</load_address>
         <run_address>0x4d00</run_address>
         <size>0x8</size>
      </object_component>
      <object_component id="oc-204">
         <name>__TI_cinit_table</name>
         <load_address>0x4d08</load_address>
         <run_address>0x4d08</run_address>
         <size>0x18</size>
      </object_component>
      <object_component id="oc-174">
         <name>.vtable</name>
         <uninitialized>true</uninitialized>
         <run_address>0x20000000</run_address>
         <size>0x26c</size>
         <input_file_ref idref="fl-14"/>
      </object_component>
      <object_component id="oc-aa">
         <name>.data</name>
         <load_address>0x20000e7c</load_address>
         <run_address>0x20000e7c</run_address>
         <size>0x48</size>
         <input_file_ref idref="fl-2"/>
      </object_component>
      <object_component id="oc-133">
         <name>.data</name>
         <load_address>0x20000ed8</load_address>
         <run_address>0x20000ed8</run_address>
         <size>0x5</size>
         <input_file_ref idref="fl-33"/>
      </object_component>
      <object_component id="oc-e8">
         <name>.data:$O1$$</name>
         <load_address>0x20000ec4</load_address>
         <run_address>0x20000ec4</run_address>
         <size>0xc</size>
         <input_file_ref idref="fl-f6"/>
      </object_component>
      <object_component id="oc-7b">
         <name>.data</name>
         <load_address>0x20000ee0</load_address>
         <run_address>0x20000ee0</run_address>
         <size>0x4</size>
         <input_file_ref idref="fl-fb"/>
      </object_component>
      <object_component id="oc-eb">
         <name>.data:$O1$$</name>
         <load_address>0x20000ed0</load_address>
         <run_address>0x20000ed0</run_address>
         <size>0x8</size>
         <input_file_ref idref="fl-fe"/>
      </object_component>
      <object_component id="oc-11e">
         <name>.bss:g_pui8OversampleFactor</name>
         <uninitialized>true</uninitialized>
         <run_address>0x20000e6c</run_address>
         <size>0x8</size>
         <input_file_ref idref="fl-4"/>
      </object_component>
      <object_component id="oc-b1">
         <name>.common:lineTimer</name>
         <uninitialized>true</uninitialized>
         <run_address>0x20000e74</run_address>
         <size>0x4</size>
      </object_component>
      <object_component id="oc-b2">
         <name>.common:val</name>
         <uninitialized>true</uninitialized>
         <run_address>0x20000e78</run_address>
         <size>0x4</size>
      </object_component>
      <object_component id="oc-b0">
         <name>.common:ping</name>
         <uninitialized>true</uninitialized>
         <run_address>0x20000a6c</run_address>
         <size>0x200</size>
      </object_component>
      <object_component id="oc-ad">
         <name>.common:pong</name>
         <uninitialized>true</uninitialized>
         <run_address>0x20000c6c</run_address>
         <size>0x200</size>
      </object_component>
      <object_component id="oc-2a">
         <name>.stack</name>
         <uninitialized>true</uninitialized>
         <run_address>0x2000026c</run_address>
         <size>0x0</size>
         <input_file_ref idref="fl-f2"/>
      </object_component>
      <object_component id="oc-208">
         <name>.stack</name>
         <uninitialized>true</uninitialized>
         <run_address>0x2000026c</run_address>
         <size>0x0</size>
      </object_component>
      <object_component id="oc-ae">
         <name>.debug_info</name>
         <load_address>0x0</load_address>
         <run_address>0x0</run_address>
         <size>0xae5</size>
         <input_file_ref idref="fl-2"/>
      </object_component>
      <object_component id="oc-ab">
         <name>.debug_info</name>
         <load_address>0xae5</load_address>
         <run_address>0xae5</run_address>
         <size>0x2cf</size>
         <input_file_ref idref="fl-2"/>
      </object_component>
      <object_component id="oc-32">
         <name>.debug_info</name>
         <load_address>0xdb4</load_address>
         <run_address>0xdb4</run_address>
         <size>0xcec</size>
         <input_file_ref idref="fl-2"/>
      </object_component>
      <object_component id="oc-b4">
         <name>.debug_info</name>
         <load_address>0x1aa0</load_address>
         <run_address>0x1aa0</run_address>
         <size>0x8b</size>
         <input_file_ref idref="fl-2"/>
      </object_component>
      <object_component id="oc-b9">
         <name>.debug_info</name>
         <load_address>0x1b2b</load_address>
         <run_address>0x1b2b</run_address>
         <size>0x18b</size>
         <input_file_ref idref="fl-2"/>
      </object_component>
      <object_component id="oc-143">
         <name>.debug_info</name>
         <load_address>0x1cb6</load_address>
         <run_address>0x1cb6</run_address>
         <size>0x4e</size>
         <input_file_ref idref="fl-2"/>
      </object_component>
      <object_component id="oc-39">
         <name>.debug_info</name>
         <load_address>0x1d04</load_address>
         <run_address>0x1d04</run_address>
         <size>0x305</size>
         <input_file_ref idref="fl-3"/>
      </object_component>
      <object_component id="oc-10">
         <name>.debug_info</name>
         <load_address>0x2009</load_address>
         <run_address>0x2009</run_address>
         <size>0xf2</size>
         <input_file_ref idref="fl-3"/>
      </object_component>
      <object_component id="oc-2c">
         <name>.debug_info</name>
         <load_address>0x20fb</load_address>
         <run_address>0x20fb</run_address>
         <size>0x26e</size>
         <input_file_ref idref="fl-3"/>
      </object_component>
      <object_component id="oc-40">
         <name>.debug_info</name>
         <load_address>0x2369</load_address>
         <run_address>0x2369</run_address>
         <size>0x84</size>
         <input_file_ref idref="fl-3"/>
      </object_component>
      <object_component id="oc-122">
         <name>.debug_info</name>
         <load_address>0x23ed</load_address>
         <run_address>0x23ed</run_address>
         <size>0x327</size>
         <input_file_ref idref="fl-4"/>
      </object_component>
      <object_component id="oc-11f">
         <name>.debug_info</name>
         <load_address>0x2714</load_address>
         <run_address>0x2714</run_address>
         <size>0xfa</size>
         <input_file_ref idref="fl-4"/>
      </object_component>
      <object_component id="oc-94">
         <name>.debug_info</name>
         <load_address>0x280e</load_address>
         <run_address>0x280e</run_address>
         <size>0x2b4e</size>
         <input_file_ref idref="fl-4"/>
      </object_component>
      <object_component id="oc-fd">
         <name>.debug_info</name>
         <load_address>0x535c</load_address>
         <run_address>0x535c</run_address>
         <size>0x33f</size>
         <input_file_ref idref="fl-8"/>
      </object_component>
      <object_component id="oc-11b">
         <name>.debug_info</name>
         <load_address>0x569b</load_address>
         <run_address>0x569b</run_address>
         <size>0x356</size>
         <input_file_ref idref="fl-11"/>
      </object_component>
      <object_component id="oc-10f">
         <name>.debug_info</name>
         <load_address>0x59f1</load_address>
         <run_address>0x59f1</run_address>
         <size>0x103</size>
         <input_file_ref idref="fl-11"/>
      </object_component>
      <object_component id="oc-112">
         <name>.debug_info</name>
         <load_address>0x5af4</load_address>
         <run_address>0x5af4</run_address>
         <size>0x151</size>
         <input_file_ref idref="fl-11"/>
      </object_component>
      <object_component id="oc-115">
         <name>.debug_info</name>
         <load_address>0x5c45</load_address>
         <run_address>0x5c45</run_address>
         <size>0x105</size>
         <input_file_ref idref="fl-11"/>
      </object_component>
      <object_component id="oc-118">
         <name>.debug_info</name>
         <load_address>0x5d4a</load_address>
         <run_address>0x5d4a</run_address>
         <size>0xf7</size>
         <input_file_ref idref="fl-11"/>
      </object_component>
      <object_component id="oc-87">
         <name>.debug_info</name>
         <load_address>0x5e41</load_address>
         <run_address>0x5e41</run_address>
         <size>0x3126</size>
         <input_file_ref idref="fl-11"/>
      </object_component>
      <object_component id="oc-18a">
         <name>.debug_info</name>
         <load_address>0x8f67</load_address>
         <run_address>0x8f67</run_address>
         <size>0x32e</size>
         <input_file_ref idref="fl-14"/>
      </object_component>
      <object_component id="oc-178">
         <name>.debug_info</name>
         <load_address>0x9295</load_address>
         <run_address>0x9295</run_address>
         <size>0xf2</size>
         <input_file_ref idref="fl-14"/>
      </object_component>
      <object_component id="oc-17b">
         <name>.debug_info</name>
         <load_address>0x9387</load_address>
         <run_address>0x9387</run_address>
         <size>0xea</size>
         <input_file_ref idref="fl-14"/>
      </object_component>
      <object_component id="oc-17e">
         <name>.debug_info</name>
         <load_address>0x9471</load_address>
         <run_address>0x9471</run_address>
         <size>0xee</size>
         <input_file_ref idref="fl-14"/>
      </object_component>
      <object_component id="oc-181">
         <name>.debug_info</name>
         <load_address>0x955f</load_address>
         <run_address>0x955f</run_address>
         <size>0xf4</size>
         <input_file_ref idref="fl-14"/>
      </object_component>
      <object_component id="oc-184">
         <name>.debug_info</name>
         <load_address>0x9653</load_address>
         <run_address>0x9653</run_address>
         <size>0xf2</size>
         <input_file_ref idref="fl-14"/>
      </object_component>
      <object_component id="oc-187">
         <name>.debug_info</name>
         <load_address>0x9745</load_address>
         <run_address>0x9745</run_address>
         <size>0xf6</size>
         <input_file_ref idref="fl-14"/>
      </object_component>
      <object_component id="oc-175">
         <name>.debug_info</name>
         <load_address>0x983b</load_address>
         <run_address>0x983b</run_address>
         <size>0xf3</size>
         <input_file_ref idref="fl-14"/>
      </object_component>
      <object_component id="oc-f7">
         <name>.debug_info</name>
         <load_address>0x992e</load_address>
         <run_address>0x992e</run_address>
         <size>0xcf3</size>
         <input_file_ref idref="fl-14"/>
      </object_component>
      <object_component id="oc-11d">
         <name>.debug_info</name>
         <load_address>0xa621</load_address>
         <run_address>0xa621</run_address>
         <size>0x303</size>
         <input_file_ref idref="fl-18"/>
      </object_component>
      <object_component id="oc-90">
         <name>.debug_info</name>
         <load_address>0xa924</load_address>
         <run_address>0xa924</run_address>
         <size>0x2784</size>
         <input_file_ref idref="fl-18"/>
      </object_component>
      <object_component id="oc-10d">
         <name>.debug_info</name>
         <load_address>0xd0a8</load_address>
         <run_address>0xd0a8</run_address>
         <size>0x3b3</size>
         <input_file_ref idref="fl-1d"/>
      </object_component>
      <object_component id="oc-103">
         <name>.debug_info</name>
         <load_address>0xd45b</load_address>
         <run_address>0xd45b</run_address>
         <size>0xe9</size>
         <input_file_ref idref="fl-1d"/>
      </object_component>
      <object_component id="oc-109">
         <name>.debug_info</name>
         <load_address>0xd544</load_address>
         <run_address>0xd544</run_address>
         <size>0xf5</size>
         <input_file_ref idref="fl-1d"/>
      </object_component>
      <object_component id="oc-f4">
         <name>.debug_info</name>
         <load_address>0xd639</load_address>
         <run_address>0xd639</run_address>
         <size>0xef</size>
         <input_file_ref idref="fl-1d"/>
      </object_component>
      <object_component id="oc-106">
         <name>.debug_info</name>
         <load_address>0xd728</load_address>
         <run_address>0xd728</run_address>
         <size>0xfc</size>
         <input_file_ref idref="fl-1d"/>
      </object_component>
      <object_component id="oc-81">
         <name>.debug_info</name>
         <load_address>0xd824</load_address>
         <run_address>0xd824</run_address>
         <size>0x2b39</size>
         <input_file_ref idref="fl-1d"/>
      </object_component>
      <object_component id="oc-194">
         <name>.debug_info</name>
         <load_address>0x1035d</load_address>
         <run_address>0x1035d</run_address>
         <size>0x51</size>
         <input_file_ref idref="fl-1d"/>
      </object_component>
      <object_component id="oc-124">
         <name>.debug_info</name>
         <load_address>0x103ae</load_address>
         <run_address>0x103ae</run_address>
         <size>0x2bd</size>
         <input_file_ref idref="fl-1f"/>
      </object_component>
      <object_component id="oc-9a">
         <name>.debug_info</name>
         <load_address>0x1066b</load_address>
         <run_address>0x1066b</run_address>
         <size>0x548</size>
         <input_file_ref idref="fl-1f"/>
      </object_component>
      <object_component id="oc-12f">
         <name>.debug_info</name>
         <load_address>0x10bb3</load_address>
         <run_address>0x10bb3</run_address>
         <size>0x338</size>
         <input_file_ref idref="fl-21"/>
      </object_component>
      <object_component id="oc-126">
         <name>.debug_info</name>
         <load_address>0x10eeb</load_address>
         <run_address>0x10eeb</run_address>
         <size>0xf3</size>
         <input_file_ref idref="fl-21"/>
      </object_component>
      <object_component id="oc-129">
         <name>.debug_info</name>
         <load_address>0x10fde</load_address>
         <run_address>0x10fde</run_address>
         <size>0x13d</size>
         <input_file_ref idref="fl-21"/>
      </object_component>
      <object_component id="oc-12c">
         <name>.debug_info</name>
         <load_address>0x1111b</load_address>
         <run_address>0x1111b</run_address>
         <size>0x105</size>
         <input_file_ref idref="fl-21"/>
      </object_component>
      <object_component id="oc-a0">
         <name>.debug_info</name>
         <load_address>0x11220</load_address>
         <run_address>0x11220</run_address>
         <size>0x2705</size>
         <input_file_ref idref="fl-21"/>
      </object_component>
      <object_component id="oc-cf">
         <name>.debug_info</name>
         <load_address>0x13925</load_address>
         <run_address>0x13925</run_address>
         <size>0x2c</size>
         <input_file_ref idref="fl-25"/>
      </object_component>
      <object_component id="oc-142">
         <name>.debug_info</name>
         <load_address>0x13951</load_address>
         <run_address>0x13951</run_address>
         <size>0x3e1</size>
         <input_file_ref idref="fl-33"/>
      </object_component>
      <object_component id="oc-134">
         <name>.debug_info</name>
         <load_address>0x13d32</load_address>
         <run_address>0x13d32</run_address>
         <size>0xe4</size>
         <input_file_ref idref="fl-33"/>
      </object_component>
      <object_component id="oc-13f">
         <name>.debug_info</name>
         <load_address>0x13e16</load_address>
         <run_address>0x13e16</run_address>
         <size>0xde</size>
         <input_file_ref idref="fl-33"/>
      </object_component>
      <object_component id="oc-137">
         <name>.debug_info</name>
         <load_address>0x13ef4</load_address>
         <run_address>0x13ef4</run_address>
         <size>0xec</size>
         <input_file_ref idref="fl-33"/>
      </object_component>
      <object_component id="oc-131">
         <name>.debug_info</name>
         <load_address>0x13fe0</load_address>
         <run_address>0x13fe0</run_address>
         <size>0xf0</size>
         <input_file_ref idref="fl-33"/>
      </object_component>
      <object_component id="oc-a5">
         <name>.debug_info</name>
         <load_address>0x140d0</load_address>
         <run_address>0x140d0</run_address>
         <size>0x7d5</size>
         <input_file_ref idref="fl-33"/>
      </object_component>
      <object_component id="oc-25">
         <name>.debug_info</name>
         <load_address>0x148a5</load_address>
         <run_address>0x148a5</run_address>
         <size>0x160</size>
         <input_file_ref idref="fl-f2"/>
      </object_component>
      <object_component id="oc-c5">
         <name>.debug_info</name>
         <load_address>0x14a05</load_address>
         <run_address>0x14a05</run_address>
         <size>0x293</size>
         <input_file_ref idref="fl-f3"/>
      </object_component>
      <object_component id="oc-13">
         <name>.debug_info</name>
         <load_address>0x14c98</load_address>
         <run_address>0x14c98</run_address>
         <size>0x245</size>
         <input_file_ref idref="fl-f3"/>
      </object_component>
      <object_component id="oc-3b">
         <name>.debug_info</name>
         <load_address>0x14edd</load_address>
         <run_address>0x14edd</run_address>
         <size>0x60</size>
         <input_file_ref idref="fl-f3"/>
      </object_component>
      <object_component id="oc-c0">
         <name>.debug_info</name>
         <load_address>0x14f3d</load_address>
         <run_address>0x14f3d</run_address>
         <size>0x46</size>
         <input_file_ref idref="fl-f3"/>
      </object_component>
      <object_component id="oc-50">
         <name>.debug_info</name>
         <load_address>0x14f83</load_address>
         <run_address>0x14f83</run_address>
         <size>0x2da</size>
         <input_file_ref idref="fl-f4"/>
      </object_component>
      <object_component id="oc-1a">
         <name>.debug_info</name>
         <load_address>0x1525d</load_address>
         <run_address>0x1525d</run_address>
         <size>0x1df</size>
         <input_file_ref idref="fl-f4"/>
      </object_component>
      <object_component id="oc-4b">
         <name>.debug_info</name>
         <load_address>0x1543c</load_address>
         <run_address>0x1543c</run_address>
         <size>0x46</size>
         <input_file_ref idref="fl-f4"/>
      </object_component>
      <object_component id="oc-c7">
         <name>.debug_info</name>
         <load_address>0x15482</load_address>
         <run_address>0x15482</run_address>
         <size>0x2c</size>
         <input_file_ref idref="fl-f4"/>
      </object_component>
      <object_component id="oc-5c">
         <name>.debug_info</name>
         <load_address>0x154ae</load_address>
         <run_address>0x154ae</run_address>
         <size>0x2c9</size>
         <input_file_ref idref="fl-f5"/>
      </object_component>
      <object_component id="oc-21">
         <name>.debug_info</name>
         <load_address>0x15777</load_address>
         <run_address>0x15777</run_address>
         <size>0x1aa</size>
         <input_file_ref idref="fl-f5"/>
      </object_component>
      <object_component id="oc-57">
         <name>.debug_info</name>
         <load_address>0x15921</load_address>
         <run_address>0x15921</run_address>
         <size>0x46</size>
         <input_file_ref idref="fl-f5"/>
      </object_component>
      <object_component id="oc-ef">
         <name>.debug_info</name>
         <load_address>0x15967</load_address>
         <run_address>0x15967</run_address>
         <size>0x3ce</size>
         <input_file_ref idref="fl-f6"/>
      </object_component>
      <object_component id="oc-e9">
         <name>.debug_info</name>
         <load_address>0x15d35</load_address>
         <run_address>0x15d35</run_address>
         <size>0x185</size>
         <input_file_ref idref="fl-f6"/>
      </object_component>
      <object_component id="oc-76">
         <name>.debug_info</name>
         <load_address>0x15eba</load_address>
         <run_address>0x15eba</run_address>
         <size>0x214</size>
         <input_file_ref idref="fl-f6"/>
      </object_component>
      <object_component id="oc-47">
         <name>.debug_info</name>
         <load_address>0x160ce</load_address>
         <run_address>0x160ce</run_address>
         <size>0x111</size>
         <input_file_ref idref="fl-f7"/>
      </object_component>
      <object_component id="oc-52">
         <name>.debug_info</name>
         <load_address>0x161df</load_address>
         <run_address>0x161df</run_address>
         <size>0x13f</size>
         <input_file_ref idref="fl-f8"/>
      </object_component>
      <object_component id="oc-5e">
         <name>.debug_info</name>
         <load_address>0x1631e</load_address>
         <run_address>0x1631e</run_address>
         <size>0x138</size>
         <input_file_ref idref="fl-f9"/>
      </object_component>
      <object_component id="oc-65">
         <name>.debug_info</name>
         <load_address>0x16456</load_address>
         <run_address>0x16456</run_address>
         <size>0x148</size>
         <input_file_ref idref="fl-fa"/>
      </object_component>
      <object_component id="oc-7c">
         <name>.debug_info</name>
         <load_address>0x1659e</load_address>
         <run_address>0x1659e</run_address>
         <size>0x109</size>
         <input_file_ref idref="fl-fb"/>
      </object_component>
      <object_component id="oc-13c">
         <name>.debug_info</name>
         <load_address>0x166a7</load_address>
         <run_address>0x166a7</run_address>
         <size>0x13a</size>
         <input_file_ref idref="fl-fd"/>
      </object_component>
      <object_component id="oc-16e">
         <name>.debug_info</name>
         <load_address>0x167e1</load_address>
         <run_address>0x167e1</run_address>
         <size>0x2be</size>
         <input_file_ref idref="fl-fe"/>
      </object_component>
      <object_component id="oc-ec">
         <name>.debug_info</name>
         <load_address>0x16a9f</load_address>
         <run_address>0x16a9f</run_address>
         <size>0x113</size>
         <input_file_ref idref="fl-fe"/>
      </object_component>
      <object_component id="oc-167">
         <name>.debug_info</name>
         <load_address>0x16bb2</load_address>
         <run_address>0x16bb2</run_address>
         <size>0x21f</size>
         <input_file_ref idref="fl-fe"/>
      </object_component>
      <object_component id="oc-e7">
         <name>.debug_info</name>
         <load_address>0x16dd1</load_address>
         <run_address>0x16dd1</run_address>
         <size>0x300</size>
         <input_file_ref idref="fl-ff"/>
      </object_component>
      <object_component id="oc-70">
         <name>.debug_info</name>
         <load_address>0x170d1</load_address>
         <run_address>0x170d1</run_address>
         <size>0x167</size>
         <input_file_ref idref="fl-ff"/>
      </object_component>
      <object_component id="oc-15f">
         <name>.debug_info</name>
         <load_address>0x17238</load_address>
         <run_address>0x17238</run_address>
         <size>0x5e</size>
         <input_file_ref idref="fl-ff"/>
      </object_component>
      <object_component id="oc-e5">
         <name>.debug_info</name>
         <load_address>0x17296</load_address>
         <run_address>0x17296</run_address>
         <size>0x483</size>
         <input_file_ref idref="fl-100"/>
      </object_component>
      <object_component id="oc-6a">
         <name>.debug_info</name>
         <load_address>0x17719</load_address>
         <run_address>0x17719</run_address>
         <size>0x190</size>
         <input_file_ref idref="fl-100"/>
      </object_component>
      <object_component id="oc-153">
         <name>.debug_info</name>
         <load_address>0x178a9</load_address>
         <run_address>0x178a9</run_address>
         <size>0x39</size>
         <input_file_ref idref="fl-100"/>
      </object_component>
      <object_component id="oc-1cb">
         <name>.debug_info</name>
         <load_address>0x178e2</load_address>
         <run_address>0x178e2</run_address>
         <size>0x39</size>
         <input_file_ref idref="fl-100"/>
      </object_component>
      <object_component id="oc-158">
         <name>.debug_info</name>
         <load_address>0x1791b</load_address>
         <run_address>0x1791b</run_address>
         <size>0xcd</size>
         <input_file_ref idref="fl-100"/>
      </object_component>
      <object_component id="oc-14f">
         <name>.debug_info</name>
         <load_address>0x179e8</load_address>
         <run_address>0x179e8</run_address>
         <size>0x37a</size>
         <input_file_ref idref="fl-101"/>
      </object_component>
      <object_component id="oc-da">
         <name>.debug_info</name>
         <load_address>0x17d62</load_address>
         <run_address>0x17d62</run_address>
         <size>0x183</size>
         <input_file_ref idref="fl-101"/>
      </object_component>
      <object_component id="oc-1c6">
         <name>.debug_info</name>
         <load_address>0x17ee5</load_address>
         <run_address>0x17ee5</run_address>
         <size>0x2c</size>
         <input_file_ref idref="fl-101"/>
      </object_component>
      <object_component id="oc-1ba">
         <name>.debug_info</name>
         <load_address>0x17f11</load_address>
         <run_address>0x17f11</run_address>
         <size>0x147</size>
         <input_file_ref idref="fl-102"/>
      </object_component>
      <object_component id="oc-df">
         <name>.debug_info</name>
         <load_address>0x18058</load_address>
         <run_address>0x18058</run_address>
         <size>0x145</size>
         <input_file_ref idref="fl-103"/>
      </object_component>
      <object_component id="oc-209">
         <name>.debug_info</name>
         <load_address>0x1819d</load_address>
         <run_address>0x1819d</run_address>
         <size>0xa8</size>
      </object_component>
      <object_component id="oc-14b">
         <name>.debug_line</name>
         <load_address>0x0</load_address>
         <run_address>0x0</run_address>
         <size>0xfd</size>
         <input_file_ref idref="fl-2"/>
      </object_component>
      <object_component id="oc-149">
         <name>.debug_line</name>
         <load_address>0xfd</load_address>
         <run_address>0xfd</run_address>
         <size>0x2d</size>
         <input_file_ref idref="fl-2"/>
      </object_component>
      <object_component id="oc-36">
         <name>.debug_line</name>
         <load_address>0x12a</load_address>
         <run_address>0x12a</run_address>
         <size>0x2de</size>
         <input_file_ref idref="fl-2"/>
      </object_component>
      <object_component id="oc-b7">
         <name>.debug_line</name>
         <load_address>0x408</load_address>
         <run_address>0x408</run_address>
         <size>0x20</size>
         <input_file_ref idref="fl-2"/>
      </object_component>
      <object_component id="oc-bc">
         <name>.debug_line</name>
         <load_address>0x428</load_address>
         <run_address>0x428</run_address>
         <size>0x65</size>
         <input_file_ref idref="fl-2"/>
      </object_component>
      <object_component id="oc-146">
         <name>.debug_line</name>
         <load_address>0x48d</load_address>
         <run_address>0x48d</run_address>
         <size>0x65</size>
         <input_file_ref idref="fl-2"/>
      </object_component>
      <object_component id="oc-bf">
         <name>.debug_line</name>
         <load_address>0x4f2</load_address>
         <run_address>0x4f2</run_address>
         <size>0x41</size>
         <input_file_ref idref="fl-3"/>
      </object_component>
      <object_component id="oc-38">
         <name>.debug_line</name>
         <load_address>0x533</load_address>
         <run_address>0x533</run_address>
         <size>0x41</size>
         <input_file_ref idref="fl-3"/>
      </object_component>
      <object_component id="oc-30">
         <name>.debug_line</name>
         <load_address>0x574</load_address>
         <run_address>0x574</run_address>
         <size>0xa1</size>
         <input_file_ref idref="fl-3"/>
      </object_component>
      <object_component id="oc-43">
         <name>.debug_line</name>
         <load_address>0x615</load_address>
         <run_address>0x615</run_address>
         <size>0x20</size>
         <input_file_ref idref="fl-3"/>
      </object_component>
      <object_component id="oc-1a7">
         <name>.debug_line</name>
         <load_address>0x635</load_address>
         <run_address>0x635</run_address>
         <size>0x6d</size>
         <input_file_ref idref="fl-4"/>
      </object_component>
      <object_component id="oc-1a5">
         <name>.debug_line</name>
         <load_address>0x6a2</load_address>
         <run_address>0x6a2</run_address>
         <size>0x36</size>
         <input_file_ref idref="fl-4"/>
      </object_component>
      <object_component id="oc-97">
         <name>.debug_line</name>
         <load_address>0x6d8</load_address>
         <run_address>0x6d8</run_address>
         <size>0x601</size>
         <input_file_ref idref="fl-4"/>
      </object_component>
      <object_component id="oc-100">
         <name>.debug_line</name>
         <load_address>0xcd9</load_address>
         <run_address>0xcd9</run_address>
         <size>0xd9</size>
         <input_file_ref idref="fl-8"/>
      </object_component>
      <object_component id="oc-1a1">
         <name>.debug_line</name>
         <load_address>0xdb2</load_address>
         <run_address>0xdb2</run_address>
         <size>0x6d</size>
         <input_file_ref idref="fl-11"/>
      </object_component>
      <object_component id="oc-199">
         <name>.debug_line</name>
         <load_address>0xe1f</load_address>
         <run_address>0xe1f</run_address>
         <size>0x37</size>
         <input_file_ref idref="fl-11"/>
      </object_component>
      <object_component id="oc-19b">
         <name>.debug_line</name>
         <load_address>0xe56</load_address>
         <run_address>0xe56</run_address>
         <size>0x37</size>
         <input_file_ref idref="fl-11"/>
      </object_component>
      <object_component id="oc-19d">
         <name>.debug_line</name>
         <load_address>0xe8d</load_address>
         <run_address>0xe8d</run_address>
         <size>0x37</size>
         <input_file_ref idref="fl-11"/>
      </object_component>
      <object_component id="oc-19f">
         <name>.debug_line</name>
         <load_address>0xec4</load_address>
         <run_address>0xec4</run_address>
         <size>0x37</size>
         <input_file_ref idref="fl-11"/>
      </object_component>
      <object_component id="oc-8a">
         <name>.debug_line</name>
         <load_address>0xefb</load_address>
         <run_address>0xefb</run_address>
         <size>0x632</size>
         <input_file_ref idref="fl-11"/>
      </object_component>
      <object_component id="oc-1e2">
         <name>.debug_line</name>
         <load_address>0x152d</load_address>
         <run_address>0x152d</run_address>
         <size>0x67</size>
         <input_file_ref idref="fl-14"/>
      </object_component>
      <object_component id="oc-1d6">
         <name>.debug_line</name>
         <load_address>0x1594</load_address>
         <run_address>0x1594</run_address>
         <size>0x3c</size>
         <input_file_ref idref="fl-14"/>
      </object_component>
      <object_component id="oc-1d8">
         <name>.debug_line</name>
         <load_address>0x15d0</load_address>
         <run_address>0x15d0</run_address>
         <size>0x3c</size>
         <input_file_ref idref="fl-14"/>
      </object_component>
      <object_component id="oc-1da">
         <name>.debug_line</name>
         <load_address>0x160c</load_address>
         <run_address>0x160c</run_address>
         <size>0x3c</size>
         <input_file_ref idref="fl-14"/>
      </object_component>
      <object_component id="oc-1dc">
         <name>.debug_line</name>
         <load_address>0x1648</load_address>
         <run_address>0x1648</run_address>
         <size>0x3c</size>
         <input_file_ref idref="fl-14"/>
      </object_component>
      <object_component id="oc-1de">
         <name>.debug_line</name>
         <load_address>0x1684</load_address>
         <run_address>0x1684</run_address>
         <size>0x3c</size>
         <input_file_ref idref="fl-14"/>
      </object_component>
      <object_component id="oc-1e0">
         <name>.debug_line</name>
         <load_address>0x16c0</load_address>
         <run_address>0x16c0</run_address>
         <size>0x3c</size>
         <input_file_ref idref="fl-14"/>
      </object_component>
      <object_component id="oc-1d4">
         <name>.debug_line</name>
         <load_address>0x16fc</load_address>
         <run_address>0x16fc</run_address>
         <size>0x3c</size>
         <input_file_ref idref="fl-14"/>
      </object_component>
      <object_component id="oc-fa">
         <name>.debug_line</name>
         <load_address>0x1738</load_address>
         <run_address>0x1738</run_address>
         <size>0x2ed</size>
         <input_file_ref idref="fl-14"/>
      </object_component>
      <object_component id="oc-1a3">
         <name>.debug_line</name>
         <load_address>0x1a25</load_address>
         <run_address>0x1a25</run_address>
         <size>0x6d</size>
         <input_file_ref idref="fl-18"/>
      </object_component>
      <object_component id="oc-8e">
         <name>.debug_line</name>
         <load_address>0x1a92</load_address>
         <run_address>0x1a92</run_address>
         <size>0x557</size>
         <input_file_ref idref="fl-18"/>
      </object_component>
      <object_component id="oc-193">
         <name>.debug_line</name>
         <load_address>0x1fe9</load_address>
         <run_address>0x1fe9</run_address>
         <size>0xfe</size>
         <input_file_ref idref="fl-1d"/>
      </object_component>
      <object_component id="oc-18d">
         <name>.debug_line</name>
         <load_address>0x20e7</load_address>
         <run_address>0x20e7</run_address>
         <size>0x39</size>
         <input_file_ref idref="fl-1d"/>
      </object_component>
      <object_component id="oc-191">
         <name>.debug_line</name>
         <load_address>0x2120</load_address>
         <run_address>0x2120</run_address>
         <size>0x39</size>
         <input_file_ref idref="fl-1d"/>
      </object_component>
      <object_component id="oc-173">
         <name>.debug_line</name>
         <load_address>0x2159</load_address>
         <run_address>0x2159</run_address>
         <size>0x39</size>
         <input_file_ref idref="fl-1d"/>
      </object_component>
      <object_component id="oc-18f">
         <name>.debug_line</name>
         <load_address>0x2192</load_address>
         <run_address>0x2192</run_address>
         <size>0x39</size>
         <input_file_ref idref="fl-1d"/>
      </object_component>
      <object_component id="oc-84">
         <name>.debug_line</name>
         <load_address>0x21cb</load_address>
         <run_address>0x21cb</run_address>
         <size>0x9b0</size>
         <input_file_ref idref="fl-1d"/>
      </object_component>
      <object_component id="oc-196">
         <name>.debug_line</name>
         <load_address>0x2b7b</load_address>
         <run_address>0x2b7b</run_address>
         <size>0x39</size>
         <input_file_ref idref="fl-1d"/>
      </object_component>
      <object_component id="oc-1a9">
         <name>.debug_line</name>
         <load_address>0x2bb4</load_address>
         <run_address>0x2bb4</run_address>
         <size>0x6d</size>
         <input_file_ref idref="fl-1f"/>
      </object_component>
      <object_component id="oc-9d">
         <name>.debug_line</name>
         <load_address>0x2c21</load_address>
         <run_address>0x2c21</run_address>
         <size>0x12c</size>
         <input_file_ref idref="fl-1f"/>
      </object_component>
      <object_component id="oc-1b1">
         <name>.debug_line</name>
         <load_address>0x2d4d</load_address>
         <run_address>0x2d4d</run_address>
         <size>0x6d</size>
         <input_file_ref idref="fl-21"/>
      </object_component>
      <object_component id="oc-1ab">
         <name>.debug_line</name>
         <load_address>0x2dba</load_address>
         <run_address>0x2dba</run_address>
         <size>0x37</size>
         <input_file_ref idref="fl-21"/>
      </object_component>
      <object_component id="oc-1ad">
         <name>.debug_line</name>
         <load_address>0x2df1</load_address>
         <run_address>0x2df1</run_address>
         <size>0x37</size>
         <input_file_ref idref="fl-21"/>
      </object_component>
      <object_component id="oc-1af">
         <name>.debug_line</name>
         <load_address>0x2e28</load_address>
         <run_address>0x2e28</run_address>
         <size>0x37</size>
         <input_file_ref idref="fl-21"/>
      </object_component>
      <object_component id="oc-9f">
         <name>.debug_line</name>
         <load_address>0x2e5f</load_address>
         <run_address>0x2e5f</run_address>
         <size>0x5b6</size>
         <input_file_ref idref="fl-21"/>
      </object_component>
      <object_component id="oc-d2">
         <name>.debug_line</name>
         <load_address>0x3415</load_address>
         <run_address>0x3415</run_address>
         <size>0x65</size>
         <input_file_ref idref="fl-25"/>
      </object_component>
      <object_component id="oc-1c3">
         <name>.debug_line</name>
         <load_address>0x347a</load_address>
         <run_address>0x347a</run_address>
         <size>0xb2</size>
         <input_file_ref idref="fl-33"/>
      </object_component>
      <object_component id="oc-1b5">
         <name>.debug_line</name>
         <load_address>0x352c</load_address>
         <run_address>0x352c</run_address>
         <size>0x38</size>
         <input_file_ref idref="fl-33"/>
      </object_component>
      <object_component id="oc-1c1">
         <name>.debug_line</name>
         <load_address>0x3564</load_address>
         <run_address>0x3564</run_address>
         <size>0x38</size>
         <input_file_ref idref="fl-33"/>
      </object_component>
      <object_component id="oc-1b7">
         <name>.debug_line</name>
         <load_address>0x359c</load_address>
         <run_address>0x359c</run_address>
         <size>0x38</size>
         <input_file_ref idref="fl-33"/>
      </object_component>
      <object_component id="oc-1b3">
         <name>.debug_line</name>
         <load_address>0x35d4</load_address>
         <run_address>0x35d4</run_address>
         <size>0x38</size>
         <input_file_ref idref="fl-33"/>
      </object_component>
      <object_component id="oc-a9">
         <name>.debug_line</name>
         <load_address>0x360c</load_address>
         <run_address>0x360c</run_address>
         <size>0x289</size>
         <input_file_ref idref="fl-33"/>
      </object_component>
      <object_component id="oc-28">
         <name>.debug_line</name>
         <load_address>0x3895</load_address>
         <run_address>0x3895</run_address>
         <size>0x53</size>
         <input_file_ref idref="fl-f2"/>
      </object_component>
      <object_component id="oc-14d">
         <name>.debug_line</name>
         <load_address>0x38e8</load_address>
         <run_address>0x38e8</run_address>
         <size>0x20</size>
         <input_file_ref idref="fl-f3"/>
      </object_component>
      <object_component id="oc-16">
         <name>.debug_line</name>
         <load_address>0x3908</load_address>
         <run_address>0x3908</run_address>
         <size>0xa9</size>
         <input_file_ref idref="fl-f3"/>
      </object_component>
      <object_component id="oc-3e">
         <name>.debug_line</name>
         <load_address>0x39b1</load_address>
         <run_address>0x39b1</run_address>
         <size>0x3a</size>
         <input_file_ref idref="fl-f3"/>
      </object_component>
      <object_component id="oc-c3">
         <name>.debug_line</name>
         <load_address>0x39eb</load_address>
         <run_address>0x39eb</run_address>
         <size>0x8a</size>
         <input_file_ref idref="fl-f3"/>
      </object_component>
      <object_component id="oc-cd">
         <name>.debug_line</name>
         <load_address>0x3a75</load_address>
         <run_address>0x3a75</run_address>
         <size>0x8a</size>
         <input_file_ref idref="fl-f4"/>
      </object_component>
      <object_component id="oc-19">
         <name>.debug_line</name>
         <load_address>0x3aff</load_address>
         <run_address>0x3aff</run_address>
         <size>0x55</size>
         <input_file_ref idref="fl-f4"/>
      </object_component>
      <object_component id="oc-4e">
         <name>.debug_line</name>
         <load_address>0x3b54</load_address>
         <run_address>0x3b54</run_address>
         <size>0x3a</size>
         <input_file_ref idref="fl-f4"/>
      </object_component>
      <object_component id="oc-ca">
         <name>.debug_line</name>
         <load_address>0x3b8e</load_address>
         <run_address>0x3b8e</run_address>
         <size>0x8a</size>
         <input_file_ref idref="fl-f4"/>
      </object_component>
      <object_component id="oc-d5">
         <name>.debug_line</name>
         <load_address>0x3c18</load_address>
         <run_address>0x3c18</run_address>
         <size>0x8a</size>
         <input_file_ref idref="fl-f5"/>
      </object_component>
      <object_component id="oc-1f">
         <name>.debug_line</name>
         <load_address>0x3ca2</load_address>
         <run_address>0x3ca2</run_address>
         <size>0x4f</size>
         <input_file_ref idref="fl-f5"/>
      </object_component>
      <object_component id="oc-5a">
         <name>.debug_line</name>
         <load_address>0x3cf1</load_address>
         <run_address>0x3cf1</run_address>
         <size>0x34</size>
         <input_file_ref idref="fl-f5"/>
      </object_component>
      <object_component id="oc-171">
         <name>.debug_line</name>
         <load_address>0x3d25</load_address>
         <run_address>0x3d25</run_address>
         <size>0xf2</size>
         <input_file_ref idref="fl-f6"/>
      </object_component>
      <object_component id="oc-165">
         <name>.debug_line</name>
         <load_address>0x3e17</load_address>
         <run_address>0x3e17</run_address>
         <size>0x2a</size>
         <input_file_ref idref="fl-f6"/>
      </object_component>
      <object_component id="oc-79">
         <name>.debug_line</name>
         <load_address>0x3e41</load_address>
         <run_address>0x3e41</run_address>
         <size>0x86</size>
         <input_file_ref idref="fl-f6"/>
      </object_component>
      <object_component id="oc-49">
         <name>.debug_line</name>
         <load_address>0x3ec7</load_address>
         <run_address>0x3ec7</run_address>
         <size>0x88</size>
         <input_file_ref idref="fl-f7"/>
      </object_component>
      <object_component id="oc-55">
         <name>.debug_line</name>
         <load_address>0x3f4f</load_address>
         <run_address>0x3f4f</run_address>
         <size>0x79</size>
         <input_file_ref idref="fl-f8"/>
      </object_component>
      <object_component id="oc-62">
         <name>.debug_line</name>
         <load_address>0x3fc8</load_address>
         <run_address>0x3fc8</run_address>
         <size>0x3d</size>
         <input_file_ref idref="fl-f9"/>
      </object_component>
      <object_component id="oc-67">
         <name>.debug_line</name>
         <load_address>0x4005</load_address>
         <run_address>0x4005</run_address>
         <size>0x40</size>
         <input_file_ref idref="fl-fa"/>
      </object_component>
      <object_component id="oc-f2">
         <name>.debug_line</name>
         <load_address>0x4045</load_address>
         <run_address>0x4045</run_address>
         <size>0x33</size>
         <input_file_ref idref="fl-fb"/>
      </object_component>
      <object_component id="oc-13b">
         <name>.debug_line</name>
         <load_address>0x4078</load_address>
         <run_address>0x4078</run_address>
         <size>0x5b</size>
         <input_file_ref idref="fl-fd"/>
      </object_component>
      <object_component id="oc-1d2">
         <name>.debug_line</name>
         <load_address>0x40d3</load_address>
         <run_address>0x40d3</run_address>
         <size>0x20</size>
         <input_file_ref idref="fl-fe"/>
      </object_component>
      <object_component id="oc-16d">
         <name>.debug_line</name>
         <load_address>0x40f3</load_address>
         <run_address>0x40f3</run_address>
         <size>0x2b</size>
         <input_file_ref idref="fl-fe"/>
      </object_component>
      <object_component id="oc-16b">
         <name>.debug_line</name>
         <load_address>0x411e</load_address>
         <run_address>0x411e</run_address>
         <size>0x68</size>
         <input_file_ref idref="fl-fe"/>
      </object_component>
      <object_component id="oc-15e">
         <name>.debug_line</name>
         <load_address>0x4186</load_address>
         <run_address>0x4186</run_address>
         <size>0x2b</size>
         <input_file_ref idref="fl-ff"/>
      </object_component>
      <object_component id="oc-73">
         <name>.debug_line</name>
         <load_address>0x41b1</load_address>
         <run_address>0x41b1</run_address>
         <size>0x4a</size>
         <input_file_ref idref="fl-ff"/>
      </object_component>
      <object_component id="oc-162">
         <name>.debug_line</name>
         <load_address>0x41fb</load_address>
         <run_address>0x41fb</run_address>
         <size>0x2b</size>
         <input_file_ref idref="fl-ff"/>
      </object_component>
      <object_component id="oc-152">
         <name>.debug_line</name>
         <load_address>0x4226</load_address>
         <run_address>0x4226</run_address>
         <size>0xa9</size>
         <input_file_ref idref="fl-100"/>
      </object_component>
      <object_component id="oc-6e">
         <name>.debug_line</name>
         <load_address>0x42cf</load_address>
         <run_address>0x42cf</run_address>
         <size>0x8b</size>
         <input_file_ref idref="fl-100"/>
      </object_component>
      <object_component id="oc-156">
         <name>.debug_line</name>
         <load_address>0x435a</load_address>
         <run_address>0x435a</run_address>
         <size>0x2e</size>
         <input_file_ref idref="fl-100"/>
      </object_component>
      <object_component id="oc-1ce">
         <name>.debug_line</name>
         <load_address>0x4388</load_address>
         <run_address>0x4388</run_address>
         <size>0x8a</size>
         <input_file_ref idref="fl-100"/>
      </object_component>
      <object_component id="oc-15b">
         <name>.debug_line</name>
         <load_address>0x4412</load_address>
         <run_address>0x4412</run_address>
         <size>0x8b</size>
         <input_file_ref idref="fl-100"/>
      </object_component>
      <object_component id="oc-1c5">
         <name>.debug_line</name>
         <load_address>0x449d</load_address>
         <run_address>0x449d</run_address>
         <size>0x98</size>
         <input_file_ref idref="fl-101"/>
      </object_component>
      <object_component id="oc-dc">
         <name>.debug_line</name>
         <load_address>0x4535</load_address>
         <run_address>0x4535</run_address>
         <size>0x68</size>
         <input_file_ref idref="fl-101"/>
      </object_component>
      <object_component id="oc-1c9">
         <name>.debug_line</name>
         <load_address>0x459d</load_address>
         <run_address>0x459d</run_address>
         <size>0x2e</size>
         <input_file_ref idref="fl-101"/>
      </object_component>
      <object_component id="oc-1bd">
         <name>.debug_line</name>
         <load_address>0x45cb</load_address>
         <run_address>0x45cb</run_address>
         <size>0x3b</size>
         <input_file_ref idref="fl-102"/>
      </object_component>
      <object_component id="oc-e3">
         <name>.debug_line</name>
         <load_address>0x4606</load_address>
         <run_address>0x4606</run_address>
         <size>0x3c</size>
         <input_file_ref idref="fl-103"/>
      </object_component>
      <object_component id="oc-35">
         <name>.debug_frame</name>
         <load_address>0x0</load_address>
         <run_address>0x0</run_address>
         <size>0x137</size>
         <input_file_ref idref="fl-2"/>
      </object_component>
      <object_component id="oc-2f">
         <name>.debug_frame</name>
         <load_address>0x137</load_address>
         <run_address>0x137</run_address>
         <size>0x84</size>
         <input_file_ref idref="fl-3"/>
      </object_component>
      <object_component id="oc-93">
         <name>.debug_frame</name>
         <load_address>0x1bb</load_address>
         <run_address>0x1bb</run_address>
         <size>0x424</size>
         <input_file_ref idref="fl-4"/>
      </object_component>
      <object_component id="oc-101">
         <name>.debug_frame</name>
         <load_address>0x5df</load_address>
         <run_address>0x5df</run_address>
         <size>0xac</size>
         <input_file_ref idref="fl-8"/>
      </object_component>
      <object_component id="oc-8b">
         <name>.debug_frame</name>
         <load_address>0x68b</load_address>
         <run_address>0x68b</run_address>
         <size>0x553</size>
         <input_file_ref idref="fl-11"/>
      </object_component>
      <object_component id="oc-fb">
         <name>.debug_frame</name>
         <load_address>0xbde</load_address>
         <run_address>0xbde</run_address>
         <size>0x1c5</size>
         <input_file_ref idref="fl-14"/>
      </object_component>
[...]
      </symbol>
      <symbol id="sm-538">
         <name>SysCtlPeripheralDeepSleepDisable</name>
         <value>0x65d</value>
         <object_component_ref idref="oc-80"/>
      </symbol>
      <symbol id="sm-539">
         <name>SysCtlPeripheralSleepDisable</name>
         <value>0x5d1</value>
         <object_component_ref idref="oc-80"/>
      </symbol>
      <symbol id="sm-53a">
         <name>SysCtlVCOGet</name>
         <value>0x10a9</value>
         <object_component_ref idref="oc-80"/>
      </symbol>
      <symbol id="sm-53b">
         <name>SysCtlResetBehaviorSet</name>
         <value>0x875</value>
         <object_component_ref idref="oc-80"/>
      </symbol>
      <symbol id="sm-53c">
         <name>SysCtlReset</name>
         <value>0x7c9</value>
         <object_component_ref idref="oc-80"/>
      </symbol>
      <symbol id="sm-53d">
         <name>SysCtlGPIOAHBDisable</name>
         <value>0x103b</value>
         <object_component_ref idref="oc-80"/>
      </symbol>
      <symbol id="sm-53e">
         <name>SysCtlSRAMSizeGet</name>
         <value>0x32f</value>
         <object_component_ref idref="oc-80"/>
      </symbol>
      <symbol id="sm-53f">
         <name>SysCtlClockGet</name>
         <value>0xd9d</value>
         <object_component_ref idref="oc-80"/>
      </symbol>
      <symbol id="sm-540">
         <name>SysCtlPeripheralDisable</name>
         <value>0x549</value>
         <object_component_ref idref="oc-80"/>
      </symbol>
      <symbol id="sm-541">
         <name>SysCtlPWMClockSet</name>
         <value>0xfef</value>
         <object_component_ref idref="oc-80"/>
      </symbol>
      <symbol id="sm-542">
         <name>SysCtlUSBPLLEnable</name>
         <value>0x1057</value>
         <object_component_ref idref="oc-80"/>
      </symbol>
      <symbol id="sm-543">
         <name>SysCtlPeripheralSleepEnable</name>
         <value>0x58d</value>
         <object_component_ref idref="oc-80"/>
      </symbol>
      <symbol id="sm-544">
         <name>SysCtlIntUnregister</name>
         <value>0x711</value>
         <object_component_ref idref="oc-80"/>
      </symbol>
      <symbol id="sm-545">
         <name>SysCtlUSBPLLDisable</name>
         <value>0x1063</value>
         <object_component_ref idref="oc-80"/>
      </symbol>
      <symbol id="sm-546">
         <name>SysCtlPeripheralReady</name>
         <value>0x3cd</value>
         <object_component_ref idref="oc-80"/>
      </symbol>
      <symbol id="sm-547">
         <name>SysCtlPIOSCCalibrate</name>
         <value>0x825</value>
         <object_component_ref idref="oc-80"/>
      </symbol>
      <symbol id="sm-548">
         <name>SysCtlResetCauseClear</name>
         <value>0x7fb</value>
         <object_component_ref idref="oc-80"/>
      </symbol>
      <symbol id="sm-549">
         <name>SysCtlLDOSleepGet</name>
         <value>0x789</value>
         <object_component_ref idref="oc-80"/>
      </symbol>
      <symbol id="sm-54a">
         <name>SysCtlClockFreqSet</name>
         <value>0x8d5</value>
         <object_component_ref idref="oc-80"/>
      </symbol>
      <symbol id="sm-54b">
         <name>SysCtlPeripheralReset</name>
         <value>0x485</value>
         <object_component_ref idref="oc-80"/>
      </symbol>
      <symbol id="sm-565">
         <name>SysTickIntDisable</name>
         <value>0x4325</value>
         <object_component_ref idref="oc-98"/>
      </symbol>
      <symbol id="sm-566">
         <name>SysTickEnable</name>
         <value>0x42d5</value>
         <object_component_ref idref="oc-98"/>
      </symbol>
      <symbol id="sm-567">
         <name>SysTickPeriodGet</name>
         <value>0x4343</value>
         <object_component_ref idref="oc-98"/>
      </symbol>
      <symbol id="sm-568">
         <name>SysTickIntRegister</name>
         <value>0x42ed</value>
         <object_component_ref idref="oc-98"/>
      </symbol>
      <symbol id="sm-569">
         <name>SysTickIntEnable</name>
         <value>0x4319</value>
         <object_component_ref idref="oc-98"/>
      </symbol>
      <symbol id="sm-56a">
         <name>SysTickValueGet</name>
         <value>0x434b</value>
         <object_component_ref idref="oc-98"/>
      </symbol>
      <symbol id="sm-56b">
         <name>SysTickIntUnregister</name>
         <value>0x4305</value>
         <object_component_ref idref="oc-98"/>
      </symbol>
      <symbol id="sm-56c">
         <name>SysTickPeriodSet</name>
         <value>0x4331</value>
         <object_component_ref idref="oc-98"/>
      </symbol>
      <symbol id="sm-56d">
         <name>SysTickDisable</name>
         <value>0x42e1</value>
         <object_component_ref idref="oc-98"/>
      </symbol>
      <symbol id="sm-5ec">
         <name>UARTClockSourceGet</name>
         <value>0x391d</value>
         <object_component_ref idref="oc-9e"/>
      </symbol>
      <symbol id="sm-5ed">
         <name>UARTCharPutNonBlocking</name>
         <value>0x3791</value>
         <object_component_ref idref="oc-9e"/>
      </symbol>
      <symbol id="sm-5ee">
         <name>UARTDMAEnable</name>
         <value>0x38b7</value>
         <object_component_ref idref="oc-9e"/>
      </symbol>
      <symbol id="sm-5ef">
         <name>UARTTxIntModeSet</name>
         <value>0x36f5</value>
         <object_component_ref idref="oc-9e"/>
      </symbol>
      <symbol id="sm-5f0">
         <name>UARTFIFODisable</name>
         <value>0x359b</value>
         <object_component_ref idref="oc-9e"/>
      </symbol>
      <symbol id="sm-5f1">
         <name>UARTIntUnregister</name>
         <value>0x383d</value>
         <object_component_ref idref="oc-9e"/>
      </symbol>
      <symbol id="sm-5f2">
         <name>UARTRxErrorClear</name>
         <value>0x38f9</value>
         <object_component_ref idref="oc-9e"/>
      </symbol>
      <symbol id="sm-5f3">
         <name>UARTModemControlSet</name>
         <value>0x363d</value>
         <object_component_ref idref="oc-9e"/>
      </symbol>
      <symbol id="sm-5f4">
         <name>UARTFlowControlSet</name>
         <value>0x36c7</value>
         <object_component_ref idref="oc-9e"/>
      </symbol>
      <symbol id="sm-5f5">
         <name>UARTConfigSetExpClk</name>
         <value>0x3475</value>
         <object_component_ref idref="oc-9e"/>
      </symbol>
      <symbol id="sm-5f6">
         <name>UARTSmartCardDisable</name>
         <value>0x3627</value>
         <object_component_ref idref="oc-9e"/>
      </symbol>
      <symbol id="sm-5f7">
         <name>UARTDisable</name>
         <value>0x355b</value>
         <object_component_ref idref="oc-9e"/>
      </symbol>
      <symbol id="sm-5f8">
         <name>UART9BitDisable</name>
         <value>0x3943</value>
         <object_component_ref idref="oc-9e"/>
      </symbol>
      <symbol id="sm-5f9">
         <name>UARTFIFOLevelGet</name>
         <value>0x344d</value>
         <object_component_ref idref="oc-9e"/>
      </symbol>
      <symbol id="sm-5fa">
         <name>UARTBusy</name>
         <value>0x37fd</value>
         <object_component_ref idref="oc-9e"/>
      </symbol>
      <symbol id="sm-5fb">
         <name>UARTDisableSIR</name>
         <value>0x35df</value>
         <object_component_ref idref="oc-9e"/>
      </symbol>
      <symbol id="sm-5fc">
         <name>UARTLoopbackEnable</name>
         <value>0x39c7</value>
         <object_component_ref idref="oc-9e"/>
      </symbol>
      <symbol id="sm-5fd">
         <name>UARTIntEnable</name>
         <value>0x3857</value>
         <object_component_ref idref="oc-9e"/>
      </symbol>
      <symbol id="sm-5fe">
         <name>UARTCharsAvail</name>
         <value>0x3723</value>
         <object_component_ref idref="oc-9e"/>
      </symbol>
      <symbol id="sm-5ff">
         <name>UARTCharGetNonBlocking</name>
         <value>0x375f</value>
         <object_component_ref idref="oc-9e"/>
      </symbol>
      <symbol id="sm-600">
         <name>UARTClockSourceSet</name>
         <value>0x3909</value>
         <object_component_ref idref="oc-9e"/>
      </symbol>
      <symbol id="sm-601">
         <name>UARTTxIntModeGet</name>
         <value>0x3711</value>
         <object_component_ref idref="oc-9e"/>
      </symbol>
      <symbol id="sm-602">
         <name>UARTModemStatusGet</name>
         <value>0x36b3</value>
         <object_component_ref idref="oc-9e"/>
      </symbol>
      <symbol id="sm-603">
         <name>UARTIntDisable</name>
         <value>0x386f</value>
         <object_component_ref idref="oc-9e"/>
      </symbol>
      <symbol id="sm-604">
         <name>UARTCharPut</name>
         <value>0x37b5</value>
         <object_component_ref idref="oc-9e"/>
      </symbol>
      <symbol id="sm-605">
         <name>UARTParityModeSet</name>
         <value>0x3407</value>
         <object_component_ref idref="oc-9e"/>
      </symbol>
      <symbol id="sm-606">
         <name>UARTRxErrorGet</name>
         <value>0x38e7</value>
         <object_component_ref idref="oc-9e"/>
      </symbol>
      <symbol id="sm-607">
         <name>UARTConfigGetExpClk</name>
         <value>0x34eb</value>
         <object_component_ref idref="oc-9e"/>
      </symbol>
      <symbol id="sm-608">
         <name>UARTEnableSIR</name>
         <value>0x35b1</value>
         <object_component_ref idref="oc-9e"/>
      </symbol>
      <symbol id="sm-609">
         <name>UARTEnable</name>
         <value>0x3537</value>
         <object_component_ref idref="oc-9e"/>
      </symbol>
      <symbol id="sm-60a">
         <name>UART9BitAddrSend</name>
         <value>0x397f</value>
         <object_component_ref idref="oc-9e"/>
      </symbol>
      <symbol id="sm-60b">
         <name>UARTModemControlGet</name>
         <value>0x36a1</value>
         <object_component_ref idref="oc-9e"/>
      </symbol>
      <symbol id="sm-60c">
         <name>UARTSmartCardEnable</name>
         <value>0x35f5</value>
         <object_component_ref idref="oc-9e"/>
      </symbol>
      <symbol id="sm-60d">
         <name>UARTFlowControlGet</name>
         <value>0x36e3</value>
         <object_component_ref idref="oc-9e"/>
      </symbol>
      <symbol id="sm-60e">
         <name>UARTFIFOEnable</name>
         <value>0x3585</value>
         <object_component_ref idref="oc-9e"/>
      </symbol>
      <symbol id="sm-60f">
         <name>UARTIntClear</name>
         <value>0x38a5</value>
         <object_component_ref idref="oc-9e"/>
      </symbol>
      <symbol id="sm-610">
         <name>UARTIntStatus</name>
         <value>0x3887</value>
         <object_component_ref idref="oc-9e"/>
      </symbol>
      <symbol id="sm-611">
         <name>UARTDMADisable</name>
         <value>0x38cf</value>
         <object_component_ref idref="oc-9e"/>
      </symbol>
      <symbol id="sm-612">
         <name>UART9BitEnable</name>
         <value>0x392d</value>
         <object_component_ref idref="oc-9e"/>
      </symbol>
      <symbol id="sm-613">
         <name>UARTSpaceAvail</name>
         <value>0x3741</value>
         <object_component_ref idref="oc-9e"/>
      </symbol>
      <symbol id="sm-614">
         <name>UARTCharGet</name>
         <value>0x377b</value>
         <object_component_ref idref="oc-9e"/>
      </symbol>
      <symbol id="sm-615">
         <name>UARTFIFOLevelSet</name>
         <value>0x3435</value>
         <object_component_ref idref="oc-9e"/>
      </symbol>
      <symbol id="sm-616">
         <name>UARTModemControlClear</name>
         <value>0x367d</value>
         <object_component_ref idref="oc-9e"/>
      </symbol>
      <symbol id="sm-617">
         <name>UARTParityModeGet</name>
         <value>0x3423</value>
         <object_component_ref idref="oc-9e"/>
      </symbol>
      <symbol id="sm-618">
         <name>UARTIntRegister</name>
         <value>0x381b</value>
         <object_component_ref idref="oc-9e"/>
      </symbol>
      <symbol id="sm-619">
         <name>UARTBreakCtl</name>
         <value>0x37d3</value>
         <object_component_ref idref="oc-9e"/>
      </symbol>
      <symbol id="sm-61a">
         <name>UART9BitAddrSet</name>
         <value>0x3959</value>
         <object_component_ref idref="oc-9e"/>
      </symbol>
      <symbol id="sm-69f">
         <name>UARTgetc</name>
         <value>0x3b23</value>
         <object_component_ref idref="oc-a4"/>
      </symbol>
      <symbol id="sm-6a0">
         <name>UARTgets</name>
         <value>0x3a69</value>
         <object_component_ref idref="oc-a4"/>
      </symbol>
      <symbol id="sm-6a1">
         <name>UARTStdioConfig</name>
         <value>0x39dd</value>
         <object_component_ref idref="oc-a4"/>
      </symbol>
      <symbol id="sm-6a2">
         <name>UARTwrite</name>
         <value>0x3a23</value>
         <object_component_ref idref="oc-a4"/>
      </symbol>
      <symbol id="sm-6a3">
         <name>UARTprintf</name>
         <value>0x3e43</value>
         <object_component_ref idref="oc-a4"/>
      </symbol>
      <symbol id="sm-6a4">
         <name>UARTvprintf</name>
         <value>0x3b49</value>
         <object_component_ref idref="oc-a4"/>
      </symbol>
      <symbol id="sm-6b6">
         <name>_c_int00</name>
         <value>0x44b1</value>
         <object_component_ref idref="oc-24"/>
      </symbol>
      <symbol id="sm-6b7">
         <name>__stack</name>
         <value>0x2000026c</value>
         <object_component_ref idref="oc-2a"/>
      </symbol>
      <symbol id="sm-6d5">
         <name>__TI_decompress_lzss</name>
         <value>0x4449</value>
         <object_component_ref idref="oc-12"/>
      </symbol>
      <symbol id="sm-6ec">
         <name>__TI_decompress_none</name>
         <value>0x4651</value>
         <object_component_ref idref="oc-18"/>
      </symbol>
      <symbol id="sm-6fe">
         <name>__TI_zero_init</name>
         <value>0x465f</value>
         <object_component_ref idref="oc-1e"/>
      </symbol>
      <symbol id="sm-71f">
         <name>C$$EXIT</name>
         <value>0x4505</value>
         <object_component_ref idref="oc-75"/>
      </symbol>
      <symbol id="sm-720">
         <name>abort</name>
         <value>0x4509</value>
         <object_component_ref idref="oc-75"/>
      </symbol>
      <symbol id="sm-721">
         <name>exit</name>
         <value>0x4511</value>
         <object_component_ref idref="oc-75"/>
      </symbol>
      <symbol id="sm-722">
         <name>__TI_dtors_ptr</name>
         <value>0x20000ec8</value>
         <object_component_ref idref="oc-e8"/>
      </symbol>
      <symbol id="sm-723">
         <name>__TI_cleanup_ptr</name>
         <value>0x20000ec4</value>
         <object_component_ref idref="oc-e8"/>
      </symbol>
      <symbol id="sm-724">
         <name>__TI_enable_exit_profile_output</name>
         <value>0x20000ecc</value>
         <object_component_ref idref="oc-e8"/>
      </symbol>
      <symbol id="sm-73f">
         <name>memcpy</name>
         <value>0x4239</value>
         <object_component_ref idref="oc-45"/>
      </symbol>
      <symbol id="sm-740">
         <name>__aeabi_memcpy</name>
         <value>0x4239</value>
         <object_component_ref idref="oc-45"/>
      </symbol>
      <symbol id="sm-741">
         <name>__aeabi_memcpy8</name>
         <value>0x4239</value>
         <object_component_ref idref="oc-45"/>
      </symbol>
      <symbol id="sm-742">
         <name>__aeabi_memcpy4</name>
         <value>0x4239</value>
         <object_component_ref idref="oc-45"/>
      </symbol>
      <symbol id="sm-751">
         <name>__aeabi_memset</name>
         <value>0x435f</value>
         <object_component_ref idref="oc-51"/>
      </symbol>
      <symbol id="sm-752">
         <name>memset</name>
         <value>0x4365</value>
         <object_component_ref idref="oc-51"/>
      </symbol>
      <symbol id="sm-753">
         <name>__aeabi_memset8</name>
         <value>0x435f</value>
         <object_component_ref idref="oc-51"/>
      </symbol>
      <symbol id="sm-754">
         <name>__aeabi_memset4</name>
         <value>0x435f</value>
         <object_component_ref idref="oc-51"/>
      </symbol>
      <symbol id="sm-755">
         <name>__aeabi_memclr8</name>
         <value>0x435d</value>
         <object_component_ref idref="oc-51"/>
      </symbol>
      <symbol id="sm-756">
         <name>__aeabi_memclr4</name>
         <value>0x435d</value>
         <object_component_ref idref="oc-51"/>
      </symbol>
      <symbol id="sm-757">
         <name>__aeabi_memclr</name>
         <value>0x435d</value>
         <object_component_ref idref="oc-51"/>
      </symbol>
      <symbol id="sm-761">
         <name>__mpu_init</name>
         <value>0x4623</value>
         <object_component_ref idref="oc-5d"/>
      </symbol>
      <symbol id="sm-76b">
         <name>_system_pre_init</name>
         <value>0x467d</value>
         <object_component_ref idref="oc-63"/>
      </symbol>
      <symbol id="sm-773">
         <name>main_func_sp</name>
         <value>0x20000ee0</value>
         <object_component_ref idref="oc-7b"/>
      </symbol>
      <symbol id="sm-783">
         <name>__aeabi_uidivmod</name>
         <value>0x45a5</value>
         <object_component_ref idref="oc-139"/>
      </symbol>
      <symbol id="sm-784">
         <name>__aeabi_uidiv</name>
         <value>0x45a5</value>
         <object_component_ref idref="oc-139"/>
      </symbol>
      <symbol id="sm-79d">
         <name>_nop</name>
         <value>0x464b</value>
         <object_component_ref idref="oc-166"/>
      </symbol>
      <symbol id="sm-79e">
         <name>_lock</name>
         <value>0x20000ed0</value>
         <object_component_ref idref="oc-eb"/>
      </symbol>
      <symbol id="sm-79f">
         <name>_unlock</name>
         <value>0x20000ed4</value>
         <object_component_ref idref="oc-eb"/>
      </symbol>
      <symbol id="sm-7a0">
         <name>_register_lock</name>
         <value>0x4643</value>
         <object_component_ref idref="oc-166"/>
      </symbol>
      <symbol id="sm-7a1">
         <name>_register_unlock</name>
         <value>0x463d</value>
         <object_component_ref idref="oc-166"/>
      </symbol>
      <symbol id="sm-7b5">
         <name>_args_main</name>
         <value>0x4625</value>
         <object_component_ref idref="oc-6f"/>
      </symbol>
      <symbol id="sm-7df">
         <name>__TI_auto_init</name>
         <value>0x43d9</value>
         <object_component_ref idref="oc-69"/>
      </symbol>
      <symbol id="sm-7f9">
         <name>copy_in</name>
         <value>0x4559</value>
         <object_component_ref idref="oc-d8"/>
      </symbol>
      <symbol id="sm-803">
         <name>__aeabi_idiv0</name>
         <value>0x43d7</value>
         <object_component_ref idref="oc-1b8"/>
      </symbol>
      <symbol id="sm-80d">
         <name>_system_post_cinit</name>
         <value>0x4681</value>
         <object_component_ref idref="oc-de"/>
      </symbol>
      <symbol id="sm-80e">
         <name>__TI_static_base__</name>
         <value>0x0</value>
      </symbol>
      <symbol id="sm-811">
         <name>SHT$$INIT_ARRAY$$Limit</name>
         <value>0x0</value>
      </symbol>
      <symbol id="sm-812">
         <name>SHT$$INIT_ARRAY$$Base</name>
         <value>0x0</value>
      </symbol>
   </symbol_table>
   <title>Link successful</title>
</link_info>
